This is pdfTeX, Version 3.141592653-2.6-1.40.28 (MiKTeX 25.12) (preloaded format=pdflatex 2026.9.2)  2 OCT 2026 21:47
entering extended mode
 restricted \write18 enabled.
 %&-line parsing enabled.
**./report.tex
(report.tex
LaTeX2e <2025-11-01>
L3 programming layer <2025-12-24>
(C:\Users\ESHA\AppData\Local\Programs\MiKTeX\tex/latex/base\article.cls
Document Class: article 2025/01/22 v1.4n Standard LaTeX document class
(C:\Users\ESHA\AppData\Local\Programs\MiKTeX\tex/latex/base\size11.clo
File: size11.clo 2025/01/22 v1.4n Standard LaTeX file (size option)
)
\c@part=\count275
\c@section=\count276
\c@subsection=\count277
\c@subsubsection=\count278
\c@paragraph=\count279
\c@subparagraph=\count280
\c@figure=\count281
\c@table=\count282
\abovecaptionskip=\skip49
\belowcaptionskip=\skip50
\bibindent=\dimen148
)
(C:\Users\ESHA\AppData\Local\Programs\MiKTeX\tex/latex/base\fontenc.sty
Package: fontenc 2025/07/18 v2.1d Standard LaTeX package
)
(C:\Users\ESHA\AppData\Local\Programs\MiKTeX\tex/latex/base\inputenc.sty
Package: inputenc 2024/02/08 v1.3d Input encoding file
\inpenc@prehook=\toks17
\inpenc@posthook=\toks18
)
(C:\Users\ESHA\AppData\Local\Programs\MiKTeX\tex/latex/lm\lmodern.sty
Package: lmodern 2015/05/01 v1.6.1 Latin Modern Fonts
LaTeX Font Info:    Overwriting symbol font `operators' in version `normal'
(Font)                  OT1/cmr/m/n --> OT1/lmr/m/n on input line 22.
LaTeX Font Info:    Overwriting symbol font `letters' in version `normal'
(Font)                  OML/cmm/m/it --> OML/lmm/m/it on input line 23.
LaTeX Font Info:    Overwriting symbol font `symbols' in version `normal'
(Font)                  OMS/cmsy/m/n --> OMS/lmsy/m/n on input line 24.
LaTeX Font Info:    Overwriting symbol font `largesymbols' in version `normal'
(Font)                  OMX/cmex/m/n --> OMX/lmex/m/n on input line 25.
LaTeX Font Info:    Overwriting symbol font `operators' in version `bold'
(Font)                  OT1/cmr/bx/n --> OT1/lmr/bx/n on input line 26.
LaTeX Font Info:    Overwriting symbol font `letters' in version `bold'
(Font)                  OML/cmm/b/it --> OML/lmm/b/it on input line 27.
LaTeX Font Info:    Overwriting symbol font `symbols' in version `bold'
(Font)                  OMS/cmsy/b/n --> OMS/lmsy/b/n on input line 28.
LaTeX Font Info:    Overwriting symbol font `largesymbols' in version `bold'
(Font)                  OMX/cmex/m/n --> OMX/lmex/m/n on input line 29.
LaTeX Font Info:    Overwriting math alphabet `\mathbf' in version `normal'
(Font)                  OT1/cmr/bx/n --> OT1/lmr/bx/n on input line 31.
LaTeX Font Info:    Overwriting math alphabet `\mathsf' in version `normal'
(Font)                  OT1/cmss/m/n --> OT1/lmss/m/n on input line 32.
LaTeX Font Info:    Overwriting math alphabet `\mathit' in version `normal'
(Font)                  OT1/cmr/m/it --> OT1/lmr/m/it on input line 33.
LaTeX Font Info:    Overwriting math alphabet `\mathtt' in version `normal'
(Font)                  OT1/cmtt/m/n --> OT1/lmtt/m/n on input line 34.
LaTeX Font Info:    Overwriting math alphabet `\mathbf' in version `bold'
(Font)                  OT1/cmr/bx/n --> OT1/lmr/bx/n on input line 35.
LaTeX Font Info:    Overwriting math alphabet `\mathsf' in version `bold'
(Font)                  OT1/cmss/bx/n --> OT1/lmss/bx/n on input line 36.
LaTeX Font Info:    Overwriting math alphabet `\mathit' in version `bold'
(Font)                  OT1/cmr/bx/it --> OT1/lmr/bx/it on input line 37.
LaTeX Font Info:    Overwriting math alphabet `\mathtt' in version `bold'
(Font)                  OT1/cmtt/m/n --> OT1/lmtt/m/n on input line 38.
)
(C:\Users\ESHA\AppData\Local\Programs\MiKTeX\tex/latex/geometry\geometry.sty
Package: geometry 2026/03/07 v6.0 Page Geometry

(C:\Users\ESHA\AppData\Local\Programs\MiKTeX\tex/latex/graphics\keyval.sty
Package: keyval 2022/05/29 v1.15 key=value parser (DPC)
\KV@toks@=\toks19
)
(C:\Users\ESHA\AppData\Local\Programs\MiKTeX\tex/generic/iftex\ifvtex.sty
Package: ifvtex 2019/10/25 v1.7 ifvtex legacy package. Use iftex instead.

(C:\Users\ESHA\AppData\Local\Programs\MiKTeX\tex/generic/iftex\iftex.sty
Package: iftex 2024/12/12 v1.0g TeX engine tests
))
\Gm@cnth=\count283
\Gm@cntv=\count284
\c@Gm@tempcnt=\count285
\Gm@bindingoffset=\dimen149
\Gm@wd@mp=\dimen150
\Gm@odd@mp=\dimen151
\Gm@even@mp=\dimen152
\Gm@layoutwidth=\dimen153
\Gm@layoutheight=\dimen154
\Gm@layouthoffset=\dimen155
\Gm@layoutvoffset=\dimen156
\Gm@dimlist=\toks20

(C:\Users\ESHA\AppData\Local\Programs\MiKTeX\tex/latex/geometry\geometry.cfg))
(C:\Users\ESHA\AppData\Local\Programs\MiKTeX\tex/latex/graphics\graphicx.sty
Package: graphicx 2024/12/31 v1.2e Enhanced LaTeX Graphics (DPC,SPQR)

(C:\Users\ESHA\AppData\Local\Programs\MiKTeX\tex/latex/graphics\graphics.sty
Package: graphics 2024/08/06 v1.4g Standard LaTeX Graphics (DPC,SPQR)

(C:\Users\ESHA\AppData\Local\Programs\MiKTeX\tex/latex/graphics\trig.sty
Package: trig 2023/12/02 v1.11 sin cos tan (DPC)
)
(C:\Users\ESHA\AppData\Local\Programs\MiKTeX\tex/latex/graphics-cfg\graphics.cf
g
File: graphics.cfg 2016/06/04 v1.11 sample graphics configuration
)
Package graphics Info: Driver file: pdftex.def on input line 106.

(C:\Users\ESHA\AppData\Local\Programs\MiKTeX\tex/latex/graphics-def\pdftex.def
File: pdftex.def 2025/09/29 v1.2d Graphics/color driver for pdftex
))
\Gin@req@height=\dimen157
\Gin@req@width=\dimen158
) (C:\Users\ESHA\AppData\Local\Programs\MiKTeX\tex/latex/xcolor\xcolor.sty
Package: xcolor 2024/09/29 v3.02 LaTeX color extensions (UK)

(C:\Users\ESHA\AppData\Local\Programs\MiKTeX\tex/latex/graphics-cfg\color.cfg
File: color.cfg 2016/01/02 v1.6 sample color configuration
)
Package xcolor Info: Driver file: pdftex.def on input line 274.

(C:\Users\ESHA\AppData\Local\Programs\MiKTeX\tex/latex/graphics\mathcolor.ltx)
Package xcolor Info: Model `cmy' substituted by `cmy0' on input line 1349.
Package xcolor Info: Model `hsb' substituted by `rgb' on input line 1353.
Package xcolor Info: Model `RGB' extended on input line 1365.
Package xcolor Info: Model `HTML' substituted by `rgb' on input line 1367.
Package xcolor Info: Model `Hsb' substituted by `hsb' on input line 1368.
Package xcolor Info: Model `tHsb' substituted by `hsb' on input line 1369.
Package xcolor Info: Model `HSB' substituted by `hsb' on input line 1370.
Package xcolor Info: Model `Gray' substituted by `gray' on input line 1371.
Package xcolor Info: Model `wave' substituted by `hsb' on input line 1372.
) (C:\Users\ESHA\AppData\Local\Programs\MiKTeX\tex/latex/colortbl\colortbl.sty
Package: colortbl 2026/05/01 v1.0l Color table columns (DPC)

(C:\Users\ESHA\AppData\Local\Programs\MiKTeX\tex/latex/tools\array.sty
Package: array 2025/09/25 v2.6n Tabular extension package (FMi)
\col@sep=\dimen159
\ar@mcellbox=\box53
\extrarowheight=\dimen160
\NC@list=\toks21
\extratabsurround=\skip51
\backup@length=\skip52
\ar@cellbox=\box54
)
\everycr=\toks22
\minrowclearance=\skip53
\rownum=\count286
)
(C:\Users\ESHA\AppData\Local\Programs\MiKTeX\tex/latex/graphics\dvipsnam.def
File: dvipsnam.def 2016/06/17 v3.0m Driver-dependent file (DPC,SPQR)
)
(C:\Users\ESHA\AppData\Local\Programs\MiKTeX\tex/latex/tools\longtable.sty
Package: longtable 2025-10-13 v4.24 Multi-page Table package (DPC)
\LTleft=\skip54
\LTright=\skip55
\LTpre=\skip56
\LTpost=\skip57
\LTchunksize=\count287
\LTcapwidth=\dimen161
\LT@head=\box55
\LT@firsthead=\box56
\LT@foot=\box57
\LT@lastfoot=\box58
\LT@gbox=\box59
\LT@cols=\count288
\LT@rows=\count289
\c@LT@tables=\count290
\c@LT@chunks=\count291
\LT@p@ftn=\toks23
)
(C:\Users\ESHA\AppData\Local\Programs\MiKTeX\tex/latex/booktabs\booktabs.sty
Package: booktabs 2020/01/12 v1.61803398 Publication quality tables
\heavyrulewidth=\dimen162
\lightrulewidth=\dimen163
\cmidrulewidth=\dimen164
\belowrulesep=\dimen165
\belowbottomsep=\dimen166
\aboverulesep=\dimen167
\abovetopsep=\dimen168
\cmidrulesep=\dimen169
\cmidrulekern=\dimen170
\defaultaddspace=\dimen171
\@cmidla=\count292
\@cmidlb=\count293
\@aboverulesep=\dimen172
\@belowrulesep=\dimen173
\@thisruleclass=\count294
\@lastruleclass=\count295
\@thisrulewidth=\dimen174
)
(C:\Users\ESHA\AppData\Local\Programs\MiKTeX\tex/latex/float\float.sty
Package: float 2001/11/08 v1.3d Float enhancements (AL)
\c@float@type=\count296
\float@exts=\toks24
\float@box=\box60
\@float@everytoks=\toks25
\@floatcapt=\box61
)
(C:\Users\ESHA\AppData\Local\Programs\MiKTeX\tex/latex/caption\caption.sty
Package: caption 2023/08/05 v3.6o Customizing captions (AR)

(C:\Users\ESHA\AppData\Local\Programs\MiKTeX\tex/latex/caption\caption3.sty
Package: caption3 2023/07/31 v2.4d caption3 kernel (AR)
\caption@tempdima=\dimen175
\captionmargin=\dimen176
\caption@leftmargin=\dimen177
\caption@rightmargin=\dimen178
\caption@width=\dimen179
\caption@indent=\dimen180
\caption@parindent=\dimen181
\caption@hangindent=\dimen182
Package caption Info: Standard document class detected.
)
\c@caption@flags=\count297
\c@continuedfloat=\count298
Package caption Info: float package is loaded.
Package caption Info: longtable package is loaded.

(C:\Users\ESHA\AppData\Local\Programs\MiKTeX\tex/latex/caption\ltcaption.sty
Package: ltcaption 2021/01/08 v1.4c longtable captions (AR)
))
(C:\Users\ESHA\AppData\Local\Programs\MiKTeX\tex/latex/enumitem\enumitem.sty
Package: enumitem 2025/02/06 v3.11 Customized lists
\labelindent=\skip58
\enit@outerparindent=\dimen183
\enit@toks=\toks26
\enit@inbox=\box62
\enit@count@id=\count299
\enitdp@description=\count300
)
(C:\Users\ESHA\AppData\Local\Programs\MiKTeX\tex/latex/amsmath\amsmath.sty
Package: amsmath 2025/07/09 v2.17z AMS math features
\@mathmargin=\skip59

For additional information on amsmath, use the `?' option.
(C:\Users\ESHA\AppData\Local\Programs\MiKTeX\tex/latex/amsmath\amstext.sty
Package: amstext 2024/11/17 v2.01 AMS text

(C:\Users\ESHA\AppData\Local\Programs\MiKTeX\tex/latex/amsmath\amsgen.sty
File: amsgen.sty 1999/11/30 v2.0 generic functions
\@emptytoks=\toks27
\ex@=\dimen184
))
(C:\Users\ESHA\AppData\Local\Programs\MiKTeX\tex/latex/amsmath\amsbsy.sty
Package: amsbsy 1999/11/29 v1.2d Bold Symbols
\pmbraise@=\dimen185
)
(C:\Users\ESHA\AppData\Local\Programs\MiKTeX\tex/latex/amsmath\amsopn.sty
Package: amsopn 2022/04/08 v2.04 operator names
)
\inf@bad=\count301
LaTeX Info: Redefining \frac on input line 233.
\uproot@=\count302
\leftroot@=\count303
LaTeX Info: Redefining \overline on input line 398.
LaTeX Info: Redefining \colon on input line 409.
\classnum@=\count304
\DOTSCASE@=\count305
LaTeX Info: Redefining \ldots on input line 495.
LaTeX Info: Redefining \dots on input line 498.
LaTeX Info: Redefining \cdots on input line 619.
\Mathstrutbox@=\box63
\strutbox@=\box64
LaTeX Info: Redefining \big on input line 721.
LaTeX Info: Redefining \Big on input line 722.
LaTeX Info: Redefining \bigg on input line 723.
LaTeX Info: Redefining \Bigg on input line 724.
\big@size=\dimen186
LaTeX Font Info:    Redeclaring font encoding OML on input line 742.
LaTeX Font Info:    Redeclaring font encoding OMS on input line 743.
\macc@depth=\count306
LaTeX Info: Redefining \bmod on input line 904.
LaTeX Info: Redefining \pmod on input line 909.
LaTeX Info: Redefining \smash on input line 939.
LaTeX Info: Redefining \relbar on input line 969.
LaTeX Info: Redefining \Relbar on input line 970.
\c@MaxMatrixCols=\count307
\dotsspace@=\muskip17
\c@parentequation=\count308
\dspbrk@lvl=\count309
\tag@help=\toks28
\row@=\count310
\column@=\count311
\maxfields@=\count312
\andhelp@=\toks29
\eqnshift@=\dimen187
\alignsep@=\dimen188
\tagshift@=\dimen189
\tagwidth@=\dimen190
\totwidth@=\dimen191
\lineht@=\dimen192
\@envbody=\toks30
\multlinegap=\skip60
\multlinetaggap=\skip61
\mathdisplay@stack=\toks31
LaTeX Info: Redefining \[ on input line 2950.
LaTeX Info: Redefining \] on input line 2951.
)
(C:\Users\ESHA\AppData\Local\Programs\MiKTeX\tex/latex/fancyhdr\fancyhdr.sty
Package: fancyhdr 2025/02/07 v5.2 Extensive control of page headers and footers

\f@nch@headwidth=\skip62
\f@nch@offset@elh=\skip63
\f@nch@offset@erh=\skip64
\f@nch@offset@olh=\skip65
\f@nch@offset@orh=\skip66
\f@nch@offset@elf=\skip67
\f@nch@offset@erf=\skip68
\f@nch@offset@olf=\skip69
\f@nch@offset@orf=\skip70
\f@nch@height=\skip71
\f@nch@footalignment=\skip72
\f@nch@widthL=\skip73
\f@nch@widthC=\skip74
\f@nch@widthR=\skip75
\@temptokenb=\toks32
)
(C:\Users\ESHA\AppData\Local\Programs\MiKTeX\tex/latex/titlesec\titlesec.sty
Package: titlesec 2025/01/04 v2.17 Sectioning titles
\ttl@box=\box65
\beforetitleunit=\skip76
\aftertitleunit=\skip77
\ttl@plus=\dimen193
\ttl@minus=\dimen194
\ttl@toksa=\toks33
\titlewidth=\dimen195
\titlewidthlast=\dimen196
\titlewidthfirst=\dimen197
)
(C:\Users\ESHA\AppData\Local\Programs\MiKTeX\tex/latex/microtype\microtype.sty
Package: microtype 2026/03/01 v3.2d Micro-typographical refinements (RS)

(C:\Users\ESHA\AppData\Local\Programs\MiKTeX\tex/latex/etoolbox\etoolbox.sty
Package: etoolbox 2025/10/02 v2.5m e-TeX tools for LaTeX (JAW)
\etb@tempcnta=\count313
)
\MT@toks=\toks34
\MT@tempbox=\box66
\MT@count=\count314
LaTeX Info: Redefining \noprotrusionifhmode on input line 1084.
LaTeX Info: Redefining \leftprotrusion on input line 1085.
\MT@prot@toks=\toks35
LaTeX Info: Redefining \rightprotrusion on input line 1104.
LaTeX Info: Redefining \textls on input line 1449.
\MT@outer@kern=\dimen198
LaTeX Info: Redefining \microtypecontext on input line 2053.
LaTeX Info: Redefining \textmicrotypecontext on input line 2070.
\MT@listname@count=\count315

(C:\Users\ESHA\AppData\Local\Programs\MiKTeX\tex/latex/microtype\microtype-pdft
ex.def
File: microtype-pdftex.def 2026/03/01 v3.2d Definitions specific to pdftex (RS)

LaTeX Info: Redefining \lsstyle on input line 944.
LaTeX Info: Redefining \lslig on input line 944.
\MT@outer@space=\skip78
)
Package microtype Info: Loading configuration file microtype.cfg.

(C:\Users\ESHA\AppData\Local\Programs\MiKTeX\tex/latex/microtype\microtype.cfg
File: microtype.cfg 2026/03/01 v3.2d microtype main configuration file (RS)
)
LaTeX Info: Redefining \microtypesetup on input line 3065.
) (C:\Users\ESHA\AppData\Local\Programs\MiKTeX\tex/latex/hyperref\hyperref.sty
Package: hyperref 2025-07-12 v7.01o Hypertext links for LaTeX

(C:\Users\ESHA\AppData\Local\Programs\MiKTeX\tex/latex/kvsetkeys\kvsetkeys.sty
Package: kvsetkeys 2022-10-05 v1.19 Key value parser (HO)
)
(C:\Users\ESHA\AppData\Local\Programs\MiKTeX\tex/generic/kvdefinekeys\kvdefinek
eys.sty
Package: kvdefinekeys 2019-12-19 v1.6 Define keys (HO)
)
(C:\Users\ESHA\AppData\Local\Programs\MiKTeX\tex/generic/pdfescape\pdfescape.st
y
Package: pdfescape 2019/12/09 v1.15 Implements pdfTeX's escape features (HO)
 (C:\Users\ESHA\AppData\Local\Programs\MiKTeX\tex/generic/ltxcmds\ltxcmds.sty
Package: ltxcmds 2023-12-04 v1.26 LaTeX kernel commands for general use (HO)
)
(C:\Users\ESHA\AppData\Local\Programs\MiKTeX\tex/generic/pdftexcmds\pdftexcmds.
sty
Package: pdftexcmds 2020-06-27 v0.33 Utility functions of pdfTeX for LuaTeX (HO
)

(C:\Users\ESHA\AppData\Local\Programs\MiKTeX\tex/generic/infwarerr\infwarerr.st
y
Package: infwarerr 2019/12/03 v1.5 Providing info/warning/error messages (HO)
)
Package pdftexcmds Info: \pdf@primitive is available.
Package pdftexcmds Info: \pdf@ifprimitive is available.
Package pdftexcmds Info: \pdfdraftmode found.
)) (C:\Users\ESHA\AppData\Local\Programs\MiKTeX\tex/latex/hycolor\hycolor.sty
Package: hycolor 2020-01-27 v1.10 Color options for hyperref/bookmark (HO)
) (C:\Users\ESHA\AppData\Local\Programs\MiKTeX\tex/latex/hyperref\nameref.sty
Package: nameref 2025-06-21 v2.57 Cross-referencing by name of section

(C:\Users\ESHA\AppData\Local\Programs\MiKTeX\tex/latex/refcount\refcount.sty
Package: refcount 2019/12/15 v3.6 Data extraction from label references (HO)
)
(C:\Users\ESHA\AppData\Local\Programs\MiKTeX\tex/generic/gettitlestring\gettitl
estring.sty
Package: gettitlestring 2019/12/15 v1.6 Cleanup title references (HO)

(C:\Users\ESHA\AppData\Local\Programs\MiKTeX\tex/latex/kvoptions\kvoptions.sty
Package: kvoptions 2022-06-15 v3.15 Key value format for package options (HO)
))
\c@section@level=\count316
)
(C:\Users\ESHA\AppData\Local\Programs\MiKTeX\tex/generic/stringenc\stringenc.st
y
Package: stringenc 2019/11/29 v1.12 Convert strings between diff. encodings (HO
)
)
\@linkdim=\dimen199
\Hy@linkcounter=\count317
\Hy@pagecounter=\count318
 (C:\Users\ESHA\AppData\Local\Programs\MiKTeX\tex/latex/hyperref\pd1enc.def
File: pd1enc.def 2025-07-12 v7.01o Hyperref: PDFDocEncoding definition (HO)
Now handling font encoding PD1 ...
... no UTF-8 mapping file for font encoding PD1
)
(C:\Users\ESHA\AppData\Local\Programs\MiKTeX\tex/generic/intcalc\intcalc.sty
Package: intcalc 2019/12/15 v1.3 Expandable calculations with integers (HO)
)
\Hy@SavedSpaceFactor=\count319

(C:\Users\ESHA\AppData\Local\Programs\MiKTeX\tex/latex/hyperref\puenc.def
File: puenc.def 2025-07-12 v7.01o Hyperref: PDF Unicode definition (HO)
Now handling font encoding PU ...
... no UTF-8 mapping file for font encoding PU
)
Package hyperref Info: Hyper figures OFF on input line 4195.
Package hyperref Info: Link nesting OFF on input line 4200.
Package hyperref Info: Hyper index ON on input line 4203.
Package hyperref Info: Plain pages OFF on input line 4210.
Package hyperref Info: Backreferencing OFF on input line 4215.
Package hyperref Info: Implicit mode ON; LaTeX internals redefined.
Package hyperref Info: Bookmarks ON on input line 4462.
\c@Hy@tempcnt=\count320

(C:\Users\ESHA\AppData\Local\Programs\MiKTeX\tex/latex/url\url.sty
\Urlmuskip=\muskip18
Package: url 2013/09/16  ver 3.4  Verb mode for urls, etc.
)
LaTeX Info: Redefining \url on input line 4801.
\XeTeXLinkMargin=\dimen256

(C:\Users\ESHA\AppData\Local\Programs\MiKTeX\tex/generic/bitset\bitset.sty
Package: bitset 2019/12/09 v1.3 Handle bit-vector datatype (HO)

(C:\Users\ESHA\AppData\Local\Programs\MiKTeX\tex/generic/bigintcalc\bigintcalc.
sty
Package: bigintcalc 2019/12/15 v1.5 Expandable calculations on big integers (HO
)
))
\Fld@menulength=\count321
\Field@Width=\dimen257
\Fld@charsize=\dimen258
Package hyperref Info: Hyper figures OFF on input line 6078.
Package hyperref Info: Link nesting OFF on input line 6083.
Package hyperref Info: Hyper index ON on input line 6086.
Package hyperref Info: backreferencing OFF on input line 6093.
Package hyperref Info: Link coloring OFF on input line 6098.
Package hyperref Info: Link coloring with OCG OFF on input line 6103.
Package hyperref Info: PDF/A mode OFF on input line 6108.
\Hy@abspage=\count322
\c@Item=\count323
\c@Hfootnote=\count324
)
Package hyperref Info: Driver (autodetected): hpdftex.

(C:\Users\ESHA\AppData\Local\Programs\MiKTeX\tex/latex/hyperref\hpdftex.def
File: hpdftex.def 2025-07-12 v7.01o Hyperref driver for pdfTeX
\Fld@listcount=\count325
\c@bookmark@seq@number=\count326

(C:\Users\ESHA\AppData\Local\Programs\MiKTeX\tex/latex/rerunfilecheck\rerunfile
check.sty
Package: rerunfilecheck 2025-06-21 v1.11 Rerun checks for auxiliary files (HO)

(C:\Users\ESHA\AppData\Local\Programs\MiKTeX\tex/generic/uniquecounter\uniqueco
unter.sty
Package: uniquecounter 2019/12/15 v1.4 Provide unlimited unique counter (HO)
)
Package uniquecounter Info: New unique counter `rerunfilecheck' on input line 2
84.
)
\Hy@SectionHShift=\skip79
)
LaTeX Font Info:    Trying to load font information for T1+lmr on input line 37
.
 (C:\Users\ESHA\AppData\Local\Programs\MiKTeX\tex/latex/lm\t1lmr.fd
File: t1lmr.fd 2015/05/01 v1.6.1 Font defs for Latin Modern
)
(C:\Users\ESHA\AppData\Local\Programs\MiKTeX\tex/latex/l3backend\l3backend-pdft
ex.def
File: l3backend-pdftex.def 2025-10-09 L3 backend support: PDF output (pdfTeX)
\l__color_backend_stack_int=\count327
) (report.aux)
\openout1 = `report.aux'.

LaTeX Font Info:    Checking defaults for OML/cmm/m/it on input line 37.
LaTeX Font Info:    ... okay on input line 37.
LaTeX Font Info:    Checking defaults for OMS/cmsy/m/n on input line 37.
LaTeX Font Info:    ... okay on input line 37.
LaTeX Font Info:    Checking defaults for OT1/cmr/m/n on input line 37.
LaTeX Font Info:    ... okay on input line 37.
LaTeX Font Info:    Checking defaults for T1/cmr/m/n on input line 37.
LaTeX Font Info:    ... okay on input line 37.
LaTeX Font Info:    Checking defaults for TS1/cmr/m/n on input line 37.
LaTeX Font Info:    ... okay on input line 37.
LaTeX Font Info:    Checking defaults for OMX/cmex/m/n on input line 37.
LaTeX Font Info:    ... okay on input line 37.
LaTeX Font Info:    Checking defaults for U/cmr/m/n on input line 37.
LaTeX Font Info:    ... okay on input line 37.
LaTeX Font Info:    Checking defaults for PD1/pdf/m/n on input line 37.
LaTeX Font Info:    ... okay on input line 37.
LaTeX Font Info:    Checking defaults for PU/pdf/m/n on input line 37.
LaTeX Font Info:    ... okay on input line 37.

*geometry* driver: auto-detecting
*geometry* detected driver: pdftex
*geometry* verbose mode - [ preamble ] result:
* driver: pdftex
* paper: letterpaper
* layout: <same size as paper>
* layoutoffset:(h,v)=(0.0pt,0.0pt)
* modes: 
* h-part:(L,W,R)=(72.26999pt, 469.75502pt, 72.26999pt)
* v-part:(T,H,B)=(72.26999pt, 650.43001pt, 72.26999pt)
* \paperwidth=614.295pt
* \paperheight=794.96999pt
* \textwidth=469.75502pt
* \textheight=650.43001pt
* \oddsidemargin=0.0pt
* \evensidemargin=0.0pt
* \topmargin=-37.0pt
* \headheight=12.0pt
* \headsep=25.0pt
* \topskip=11.0pt
* \footskip=30.0pt
* \marginparwidth=59.0pt
* \marginparsep=10.0pt
* \columnsep=10.0pt
* \skip\footins=10.0pt plus 4.0pt minus 2.0pt
* \hoffset=0.0pt
* \voffset=0.0pt
* \mag=1000
* \@twocolumnfalse
* \@twosidefalse
* \@mparswitchfalse
* \@reversemarginfalse
* (1in=72.27pt=25.4mm, 1cm=28.453pt)


(C:\Users\ESHA\AppData\Local\Programs\MiKTeX\tex/context/base/mkii\supp-pdf.mki
i
[Loading MPS to PDF converter (version 2006.09.02).]
\scratchcounter=\count328
\scratchdimen=\dimen259
\scratchbox=\box67
\nofMPsegments=\count329
\nofMParguments=\count330
\everyMPshowfont=\toks36
\MPscratchCnt=\count331
\MPscratchDim=\dimen260
\MPnumerator=\count332
\makeMPintoPDFobject=\count333
\everyMPtoPDFconversion=\toks37
)
(C:\Users\ESHA\AppData\Local\Programs\MiKTeX\tex/latex/epstopdf-pkg\epstopdf-ba
se.sty
Package: epstopdf-base 2020-01-24 v2.11 Base part for package epstopdf
Package epstopdf-base Info: Redefining graphics rule for `.eps' on input line 4
85.

(C:\Users\ESHA\AppData\Local\Programs\MiKTeX\tex/latex/00miktex\epstopdf-sys.cf
g
File: epstopdf-sys.cfg 2021/03/18 v2.0 Configuration of epstopdf for MiKTeX
))
Package caption Info: Begin \AtBeginDocument code.
Package caption Info: hyperref package is loaded.
Package caption Info: End \AtBeginDocument code.
LaTeX Info: Redefining \microtypecontext on input line 37.
Package microtype Info: Applying patch `item' on input line 37.
Package microtype Info: Applying patch `toc' on input line 37.
Package microtype Info: Applying patch `eqnum' on input line 37.
Package microtype Info: Applying patch `footnote' on input line 37.
Package microtype Info: Applying patch `verbatim' on input line 37.
LaTeX Info: Redefining \microtypesetup on input line 37.
Package microtype Info: Generating PDF output.
Package microtype Info: Character protrusion enabled (level 2).
Package microtype Info: Using default protrusion set `alltext'.
Package microtype Info: Automatic font expansion enabled (level 2),
(microtype)             stretch: 20, shrink: 20, step: 1, non-selected.
Package microtype Info: Using default expansion set `alltext-nott'.
Package microtype Info: Patching command `\showhyphens'.
Package microtype Info: No adjustment of tracking.
Package microtype Info: No adjustment of interword spacing.
Package microtype Info: No adjustment of character kerning.
 (C:\Users\ESHA\AppData\Local\Programs\MiKTeX\tex/latex/microtype\mt-cmr.cfg
File: mt-cmr.cfg 2013/05/19 v2.2 microtype config. file: Computer Modern Roman 
(RS)
)
Package hyperref Info: Link coloring OFF on input line 37.
 (report.out) (report.out)
\@outlinefile=\write3
\openout3 = `report.out'.

 [1

{C:/Users/ESHA/AppData/Local/MiKTeX/fonts/map/pdftex/pdftex.map}{C:/Users/ESHA/
AppData/Local/Programs/MiKTeX/fonts/enc/dvips/lm/lm-ec.enc}] (report.toc
LaTeX Font Info:    Trying to load font information for OT1+lmr on input line 2
.

(C:\Users\ESHA\AppData\Local\Programs\MiKTeX\tex/latex/lm\ot1lmr.fd
File: ot1lmr.fd 2015/05/01 v1.6.1 Font defs for Latin Modern
)
LaTeX Font Info:    Trying to load font information for OML+lmm on input line 2
.

(C:\Users\ESHA\AppData\Local\Programs\MiKTeX\tex/latex/lm\omllmm.fd
File: omllmm.fd 2015/05/01 v1.6.1 Font defs for Latin Modern
)
LaTeX Font Info:    Trying to load font information for OMS+lmsy on input line 
2.

(C:\Users\ESHA\AppData\Local\Programs\MiKTeX\tex/latex/lm\omslmsy.fd
File: omslmsy.fd 2015/05/01 v1.6.1 Font defs for Latin Modern
)
LaTeX Font Info:    Trying to load font information for OMX+lmex on input line 
2.

(C:\Users\ESHA\AppData\Local\Programs\MiKTeX\tex/latex/lm\omxlmex.fd
File: omxlmex.fd 2015/05/01 v1.6.1 Font defs for Latin Modern
)
LaTeX Font Info:    External font `lmex10' loaded for size
(Font)              <10.95> on input line 2.
LaTeX Font Info:    External font `lmex10' loaded for size
(Font)              <8> on input line 2.
LaTeX Font Info:    External font `lmex10' loaded for size
(Font)              <6> on input line 2.

pdfTeX warning (ext4): destination with the same identifier (name{page.1}) has 
been already used, duplicate ignored
<to be read again> 
                   \relax 
l.18 ...model for correlation}{21}{subsection.4.4}
                                                  % [1] [2] [3])
\tf@toc=\write4
\openout4 = `report.toc'.

 [4]
LaTeX Font Info:    Trying to load font information for TS1+lmr on input line 8
5.

(C:\Users\ESHA\AppData\Local\Programs\MiKTeX\tex/latex/lm\ts1lmr.fd
File: ts1lmr.fd 2015/05/01 v1.6.1 Font defs for Latin Modern
) [5

{C:/Users/ESHA/AppData/Local/Programs/MiKTeX/fonts/enc/dvips/lm/lm-ts1.enc}] [6
]
<figures/fig01.pdf, id=445, 303.0089pt x 193.56691pt>
File: figures/fig01.pdf Graphic file (type pdf)
<use figures/fig01.pdf>
Package pdftex.def Info: figures/fig01.pdf  used on input line 108.
(pdftex.def)             Requested size: 469.75502pt x 300.09354pt.

[7

 <./figures/fig01.pdf>]
<figures/fig02.pdf, id=494, 457.02711pt x 204.69649pt>
File: figures/fig02.pdf Graphic file (type pdf)
<use figures/fig02.pdf>
Package pdftex.def Info: figures/fig02.pdf  used on input line 133.
(pdftex.def)             Requested size: 469.75502pt x 210.40869pt.
<figures/fig03.pdf, id=495, 418.52484pt x 204.69649pt>
File: figures/fig03.pdf Graphic file (type pdf)
<use figures/fig03.pdf>
Package pdftex.def Info: figures/fig03.pdf  used on input line 138.
(pdftex.def)             Requested size: 469.75502pt x 229.76448pt.
LaTeX Font Info:    External font `lmex10' loaded for size
(Font)              <10> on input line 139.
LaTeX Font Info:    External font `lmex10' loaded for size
(Font)              <7> on input line 139.
LaTeX Font Info:    External font `lmex10' loaded for size
(Font)              <5> on input line 139.
 [8 <./figures/fig02.pdf>] [9{C:/Users/ESHA/AppData/Local/Programs/MiKTeX/fonts
/enc/dvips/lm/lm-mathsy.enc} <./figures/fig03.pdf>]
LaTeX Font Info:    Trying to load font information for T1+lmtt on input line 1
55.

(C:\Users\ESHA\AppData\Local\Programs\MiKTeX\tex/latex/lm\t1lmtt.fd
File: t1lmtt.fd 2015/05/01 v1.6.1 Font defs for Latin Modern
)
Package microtype Info: Loading generic protrusion settings for font family
(microtype)             `lmtt' (encoding: T1).
(microtype)             For optimal results, create family-specific settings.
(microtype)             See the microtype manual for details.
<figures/fig04.pdf, id=608, 440.9091pt x 243.65002pt>
File: figures/fig04.pdf Graphic file (type pdf)
<use figures/fig04.pdf>
Package pdftex.def Info: figures/fig04.pdf  used on input line 192.
(pdftex.def)             Requested size: 469.75502pt x 259.59131pt.
<figures/fig05.pdf, id=609, 429.7267pt x 232.16142pt>
File: figures/fig05.pdf Graphic file (type pdf)
<use figures/fig05.pdf>
Package pdftex.def Info: figures/fig05.pdf  used on input line 197.
(pdftex.def)             Requested size: 469.75502pt x 253.78775pt.
 [10

]
[11 <./figures/fig04.pdf> <./figures/fig05.pdf>] [12] [13

]
<figures/fig06.pdf, id=751, 404.76657pt x 199.13171pt>
File: figures/fig06.pdf Graphic file (type pdf)
<use figures/fig06.pdf>
Package pdftex.def Info: figures/fig06.pdf  used on input line 235.
(pdftex.def)             Requested size: 469.75502pt x 231.11142pt.
<figures/fig07.pdf, id=752, 415.96841pt x 204.69649pt>
File: figures/fig07.pdf Graphic file (type pdf)
<use figures/fig07.pdf>
Package pdftex.def Info: figures/fig07.pdf  used on input line 242.
(pdftex.def)             Requested size: 469.75502pt x 231.1794pt.
 [14 <./figures/fig06.pdf>]
<figures/fig08.pdf, id=810, 424.61385pt x 206.33461pt>
File: figures/fig08.pdf Graphic file (type pdf)
<use figures/fig08.pdf>
Package pdftex.def Info: figures/fig08.pdf  used on input line 252.
(pdftex.def)             Requested size: 469.75502pt x 228.2785pt.
 [15 <./figures/fig07.pdf>]
<figures/fig09.pdf, id=868, 368.60461pt x 199.13171pt>
File: figures/fig09.pdf Graphic file (type pdf)
<use figures/fig09.pdf>
Package pdftex.def Info: figures/fig09.pdf  used on input line 259.
(pdftex.def)             Requested size: 469.75502pt x 253.78168pt.
 [16 <./figures/fig08.pdf>]
<figures/fig10.pdf, id=920, 444.27339pt x 226.95566pt>
File: figures/fig10.pdf Graphic file (type pdf)
<use figures/fig10.pdf>
Package pdftex.def Info: figures/fig10.pdf  used on input line 267.
(pdftex.def)             Requested size: 469.75502pt x 239.98312pt.
 [17 <./figures/fig09.pdf>] [18 <./figures/fig10.pdf>]
<figures/fig11.pdf, id=1039, 408.29915pt x 215.82607pt>
File: figures/fig11.pdf Graphic file (type pdf)
<use figures/fig11.pdf>
Package pdftex.def Info: figures/fig11.pdf  used on input line 295.
(pdftex.def)             Requested size: 469.75502pt x 248.31989pt.
 [19

 <./figures/fig11.pdf>]
<figures/fig12.pdf, id=1093, 452.49792pt x 193.56691pt>
File: figures/fig12.pdf Graphic file (type pdf)
<use figures/fig12.pdf>
Package pdftex.def Info: figures/fig12.pdf  used on input line 311.
(pdftex.def)             Requested size: 469.75502pt x 200.95926pt.
<figures/fig13.pdf, id=1094, 399.25624pt x 192.65149pt>
File: figures/fig13.pdf Graphic file (type pdf)
<use figures/fig13.pdf>
Package pdftex.def Info: figures/fig13.pdf  used on input line 325.
(pdftex.def)             Requested size: 469.75502pt x 226.67125pt.
 [20 <./figures/fig12.pdf>]
<figures/fig14.pdf, id=1137, 441.06155pt x 199.13171pt>
File: figures/fig14.pdf Graphic file (type pdf)
<use figures/fig14.pdf>
Package pdftex.def Info: figures/fig14.pdf  used on input line 333.
(pdftex.def)             Requested size: 469.75502pt x 212.09953pt.
<figures/fig15.pdf, id=1138, 440.11447pt x 215.82607pt>
File: figures/fig15.pdf Graphic file (type pdf)
<use figures/fig15.pdf>
Package pdftex.def Info: figures/fig15.pdf  used on input line 338.
(pdftex.def)             Requested size: 469.75502pt x 230.36845pt.
 [21 <./figures/fig13.pdf>] [22 <./figures/fig14.pdf> <./figures/fig15.pdf>]
Overfull \hbox (9.66628pt too wide) in paragraph at lines 348--348
[]|[]\T1/lmr/bx/n/8 (-20) Factor[]|  
 []

[23] [24]
<figures/fig16.pdf, id=1313, 435.67651pt x 187.08672pt>
File: figures/fig16.pdf Graphic file (type pdf)
<use figures/fig16.pdf>
Package pdftex.def Info: figures/fig16.pdf  used on input line 410.
(pdftex.def)             Requested size: 469.75502pt x 201.72804pt.
<figures/fig17.pdf, id=1314, 403.60663pt x 199.13171pt>
File: figures/fig17.pdf Graphic file (type pdf)
<use figures/fig17.pdf>
Package pdftex.def Info: figures/fig17.pdf  used on input line 417.
(pdftex.def)             Requested size: 469.75502pt x 231.77382pt.
 [25

 <./figures/fig16.pdf>]
<figures/fig18.pdf, id=1367, 441.90471pt x 204.69649pt>
File: figures/fig18.pdf Graphic file (type pdf)
<use figures/fig18.pdf>
Package pdftex.def Info: figures/fig18.pdf  used on input line 436.
(pdftex.def)             Requested size: 469.75502pt x 217.60817pt.
 [26 <./figures/fig17.pdf>]
<figures/fig19.pdf, id=1422, 368.60461pt x 187.08672pt>
File: figures/fig19.pdf Graphic file (type pdf)
<use figures/fig19.pdf>
Package pdftex.def Info: figures/fig19.pdf  used on input line 448.
(pdftex.def)             Requested size: 469.75502pt x 238.43105pt.
 [27 <./figures/fig18.pdf>] [28 <./figures/fig19.pdf>]
<figures/fig20.pdf, id=1541, 395.3169pt x 220.42525pt>
File: figures/fig20.pdf Graphic file (type pdf)
<use figures/fig20.pdf>
Package pdftex.def Info: figures/fig20.pdf  used on input line 482.
(pdftex.def)             Requested size: 469.75502pt x 261.93259pt.
LaTeX Font Info:    External font `lmex10' loaded for size
(Font)              <9> on input line 492.

ignored error: Infinite glue shrinkage found in box being split [29

 <./figures/fig20.pdf>]
<figures/fig21.pdf, id=1592, 443.8181pt x 200.28255pt>
File: figures/fig21.pdf Graphic file (type pdf)
<use figures/fig21.pdf>
Package pdftex.def Info: figures/fig21.pdf  used on input line 504.
(pdftex.def)             Requested size: 469.75502pt x 211.98676pt.

ignored error: Infinite glue shrinkage found in box being split [30 <./figures/
fig21.pdf>] [31]
<figures/fig22.pdf, id=1658, 491.71706pt x 205.85707pt>
File: figures/fig22.pdf Graphic file (type pdf)
<use figures/fig22.pdf>
Package pdftex.def Info: figures/fig22.pdf  used on input line 531.
(pdftex.def)             Requested size: 469.75502pt x 196.67192pt.

ignored error: Infinite glue shrinkage found in box being split [32

 <./figures/fig22.pdf>]
Underfull \hbox (badness 10000) in paragraph at lines 586--587
\T1/lmr/m/n/10.95 (+20) As a plain, formula-only san-ity check sep-a-rate from 
the Python pipeline,
 []


Underfull \hbox (badness 6741) in paragraph at lines 586--587
\T1/lmr/m/n/10.95 (+20) docs/Capitolis_CCR_Parametric_Benchmarks.xlsx re-com-pu
tes the cal-i-brated volatil-i-ties
 []


Underfull \hbox (badness 1383) in paragraph at lines 589--590
[]\T1/lmr/m/n/10.95 (+20) Equity and FX vol: =STDEV(LN(Pt/Pt-1))*SQRT(252) on t
he raw yfi-nance closes
 []


Underfull \hbox (badness 10000) in paragraph at lines 590--591
[]\T1/lmr/m/n/10.95 (+20) Rate vol: =STDEV(diff)*SQRT(252) on the pub-lic FRED 
Trea-sury yields
 []


Underfull \hbox (badness 5245) in paragraph at lines 590--591
\T1/lmr/m/n/10.95 (+20) (data/raw/ust_cmt_history.csv) matches the Python re-al
-ized_vols() out-put ex-actly,
 []

[33] [34]
<figures/fig23.pdf, id=1732, 464.61014pt x 204.69649pt>
File: figures/fig23.pdf Graphic file (type pdf)
<use figures/fig23.pdf>
Package pdftex.def Info: figures/fig23.pdf  used on input line 608.
(pdftex.def)             Requested size: 469.75502pt x 206.96982pt.
<figures/fig24.pdf, id=1733, 458.2194pt x 204.69649pt>
File: figures/fig24.pdf Graphic file (type pdf)
<use figures/fig24.pdf>
Package pdftex.def Info: figures/fig24.pdf  used on input line 630.
(pdftex.def)             Requested size: 469.75502pt x 209.8621pt.
 [35

 <./figures/fig23.pdf>] [36 <./figures/fig24.pdf>]
<figures/fig25.pdf, id=1862, 517.07933pt x 358.29672pt>
File: figures/fig25.pdf Graphic file (type pdf)
<use figures/fig25.pdf>
Package pdftex.def Info: figures/fig25.pdf  used on input line 666.
(pdftex.def)             Requested size: 469.75502pt x 325.50926pt.
 [37

]
<figures/fig26.pdf, id=1868, 407.323pt x 192.65149pt>
File: figures/fig26.pdf Graphic file (type pdf)
<use figures/fig26.pdf>
Package pdftex.def Info: figures/fig26.pdf  used on input line 697.
(pdftex.def)             Requested size: 469.75502pt x 222.18245pt.
 [38 <./figures/fig25.pdf>] [39 <./figures/fig26.pdf>]
Overfull \hbox (9.13783pt too wide) in paragraph at lines 743--743
[]|[]\T1/lmr/bx/n/8 (-20) CPTY_A[]|  
 []


Overfull \hbox (8.72377pt too wide) in paragraph at lines 743--743
[]|[]\T1/lmr/bx/n/8 (-20) CPTY_B[]|  
 []


Overfull \hbox (8.84383pt too wide) in paragraph at lines 743--743
[]|[]\T1/lmr/bx/n/8 (-20) CPTY_C[]|  
 []

[40]
<figures/fig27.pdf, id=1988, 516.89235pt x 358.29672pt>
File: figures/fig27.pdf Graphic file (type pdf)
<use figures/fig27.pdf>
Package pdftex.def Info: figures/fig27.pdf  used on input line 787.
(pdftex.def)             Requested size: 469.75502pt x 325.62955pt.
 [41]
<figures/fig28.pdf, id=1995, 407.323pt x 193.56691pt>
File: figures/fig28.pdf Graphic file (type pdf)
<use figures/fig28.pdf>
Package pdftex.def Info: figures/fig28.pdf  used on input line 808.
(pdftex.def)             Requested size: 469.75502pt x 223.23819pt.
<figures/fig29.pdf, id=1996, 462.20682pt x 186.47101pt>
File: figures/fig29.pdf Graphic file (type pdf)
<use figures/fig29.pdf>
Package pdftex.def Info: figures/fig29.pdf  used on input line 813.
(pdftex.def)             Requested size: 469.75502pt x 189.52354pt.
 [42 <./figures/fig27.pdf>] [43 <./figures/fig28.pdf> <./figures/fig29.pdf>]
<figures/fig30.pdf, id=2120, 485.91978pt x 224.03275pt>
File: figures/fig30.pdf Graphic file (type pdf)
<use figures/fig30.pdf>
Package pdftex.def Info: figures/fig30.pdf  used on input line 820.
(pdftex.def)             Requested size: 469.75502pt x 216.58334pt.
<figures/fig31.pdf, id=2121, 452.1304pt x 204.69649pt>
File: figures/fig31.pdf Graphic file (type pdf)
<use figures/fig31.pdf>
Package pdftex.def Info: figures/fig31.pdf  used on input line 837.
(pdftex.def)             Requested size: 469.75502pt x 212.6763pt.
 [44

 <./figures/fig30.pdf>] [45 <./figures/fig31.pdf>]
<figures/fig32.pdf, id=2260, 452.1304pt x 204.69649pt>
File: figures/fig32.pdf Graphic file (type pdf)
<use figures/fig32.pdf>
Package pdftex.def Info: figures/fig32.pdf  used on input line 861.
(pdftex.def)             Requested size: 469.75502pt x 212.6763pt.

ignored error: Infinite glue shrinkage found in box being split [46

 <./figures/fig32.pdf>]
Overfull \hbox (11.74477pt too wide) in paragraph at lines 905--906
\T1/lmr/bx/n/8 (-20) simulated[]|  
 []


Overfull \hbox (4.93233pt too wide) in paragraph at lines 907--907
[]|\T1/lmr/m/n/8 (-20) hypothetical|  
 []


Overfull \hbox (4.93233pt too wide) in paragraph at lines 908--908
[]|\T1/lmr/m/n/8 (-20) hypothetical|  
 []


Overfull \hbox (4.93233pt too wide) in paragraph at lines 909--909
[]|\T1/lmr/m/n/8 (-20) hypothetical|  
 []


Overfull \hbox (4.93233pt too wide) in paragraph at lines 910--910
[]|\T1/lmr/m/n/8 (-20) hypothetical|  
 []


Overfull \hbox (4.93233pt too wide) in paragraph at lines 911--911
[]|\T1/lmr/m/n/8 (-20) hypothetical|  
 []


Overfull \hbox (4.93233pt too wide) in paragraph at lines 912--912
[]|\T1/lmr/m/n/8 (-20) hypothetical|  
 []


Overfull \hbox (4.93233pt too wide) in paragraph at lines 913--913
[]|\T1/lmr/m/n/8 (-20) hypothetical|  
 []


Overfull \hbox (4.93233pt too wide) in paragraph at lines 914--914
[]|\T1/lmr/m/n/8 (-20) hypothetical|  
 []

ignored error: Infinite glue shrinkage found in box being split [47]
<figures/fig33.pdf, id=2318, 453.84369pt x 215.05757pt>
File: figures/fig33.pdf Graphic file (type pdf)
<use figures/fig33.pdf>
Package pdftex.def Info: figures/fig33.pdf  used on input line 975.
(pdftex.def)             Requested size: 469.75502pt x 222.61105pt.
 [48]
<figures/fig34.pdf, id=2326, 528.83179pt x 313.50417pt>
File: figures/fig34.pdf Graphic file (type pdf)
<use figures/fig34.pdf>
Package pdftex.def Info: figures/fig34.pdf  used on input line 1003.
(pdftex.def)             Requested size: 469.75502pt x 278.48683pt.

[49 <./figures/fig33.pdf>]
Overfull \hbox (15.97664pt too wide) in paragraph at lines 1011--1011
[]|[]\T1/lmr/bx/n/8 (-20) Trades[]|  
 []


Overfull \hbox (16.12326pt too wide) in paragraph at lines 1011--1011
[]|[]\T1/lmr/bx/n/8 (-20) Equities 
 []


Overfull \hbox (16.12326pt too wide) in paragraph at lines 1011--1011
[]|[]\T1/lmr/bx/n/8 (-20) Equities 
 []


Overfull \hbox (5.34323pt too wide) in paragraph at lines 1011--1011
\T1/lmr/bx/n/8 (-20) +30%[]|  
 []


Overfull \hbox (5.34323pt too wide) in paragraph at lines 1011--1011
\T1/lmr/bx/n/8 (-20) +15%[]|  
 []


Overfull \hbox (5.93388pt too wide) in paragraph at lines 1011--1011
[]|[]\T1/lmr/bx/n/8 (-20) Rates 
 []


Overfull \hbox (12.81279pt too wide) in paragraph at lines 1011--1011
\T1/lmr/bx/n/8 (-20) +200bp[]|  
 []


Overfull \hbox (5.93388pt too wide) in paragraph at lines 1011--1011
[]|[]\T1/lmr/bx/n/8 (-20) Rates 
 []


Overfull \hbox (6.99944pt too wide) in paragraph at lines 1011--1011
\T1/lmr/bx/n/8 (-20) 200bp[]|  
 []


Overfull \hbox (6.8654pt too wide) in paragraph at lines 1011--1011
[]|[]\T1/lmr/bx/n/8 (-20) Flight 
 []


Overfull \hbox (1.473pt too wide) in paragraph at lines 1011--1011
\T1/lmr/bx/n/8 (-20) qual- 
 []


Overfull \hbox (27.2529pt too wide) in paragraph at lines 1011--1011
[]|[]\T1/lmr/bx/n/8 (-20) Stagflation[]|  
 []


Overfull \hbox (0.611pt too wide) in paragraph at lines 1011--1011
[]|[]\T1/lmr/bx/n/8 (-20) Hist. 
 []


Overfull \hbox (4.19733pt too wide) in paragraph at lines 1011--1011
\T1/lmr/bx/n/8 (-20) crash[]|  
 []


Overfull \hbox (0.611pt too wide) in paragraph at lines 1011--1011
[]|[]\T1/lmr/bx/n/8 (-20) Hist. 
 []


Overfull \hbox (2.72733pt too wide) in paragraph at lines 1011--1011
\T1/lmr/bx/n/8 (-20) rates 
 []


Overfull \hbox (3.15489pt too wide) in paragraph at lines 1011--1011
\T1/lmr/bx/n/8 (-20) spike[]|  
 []


Overfull \hbox (0.611pt too wide) in paragraph at lines 1011--1011
[]|[]\T1/lmr/bx/n/8 (-20) Hist. 
 []


Overfull \hbox (4.46141pt too wide) in paragraph at lines 1011--1011
\T1/lmr/bx/n/8 (-20) surge[]|  
 []


Overfull \hbox (1.13019pt too wide) in paragraph at lines 1011--1011
[]|[]\T1/lmr/bx/n/8 (-20) 2008 
 []


Overfull \hbox (2.40152pt too wide) in paragraph at lines 1011--1011
\T1/lmr/bx/n/8 (-20) GFC[]|  
 []


Overfull \hbox (1.13019pt too wide) in paragraph at lines 1011--1012
[]|[]\T1/lmr/bx/n/8 (-20) 2015 
 []


Overfull \hbox (7.11145pt too wide) in paragraph at lines 1011--1012
\T1/lmr/bx/n/8 (-20) China 
 []


Overfull \hbox (3.91783pt too wide) in paragraph at lines 1013--1013
[]|\T1/lmr/m/n/8 (-20) +30%|  
 []


Overfull \hbox (3.91783pt too wide) in paragraph at lines 1014--1014
[]|\T1/lmr/m/n/8 (-20) +19%|  
 []

[50 <./figures/fig34.pdf>] [51]
<figures/fig35.pdf, id=2480, 366.65828pt x 199.13171pt>
File: figures/fig35.pdf Graphic file (type pdf)
<use figures/fig35.pdf>
Package pdftex.def Info: figures/fig35.pdf  used on input line 1044.
(pdftex.def)             Requested size: 469.75502pt x 255.12166pt.
<figures/fig36.pdf, id=2481, 464.30841pt x 203.928pt>
File: figures/fig36.pdf Graphic file (type pdf)
<use figures/fig36.pdf>
Package pdftex.def Info: figures/fig36.pdf  used on input line 1063.
(pdftex.def)             Requested size: 469.75502pt x 206.3297pt.
 [52 <./figures/fig35.pdf>] [53 <./figures/fig36.pdf>]
<figures/fig37.pdf, id=2588, 471.7738pt x 191.883pt>
File: figures/fig37.pdf Graphic file (type pdf)
<use figures/fig37.pdf>
Package pdftex.def Info: figures/fig37.pdf  used on input line 1147.
(pdftex.def)             Requested size: 469.75502pt x 191.06854pt.
 [54]
ignored error: Infinite glue shrinkage found in box being split [55 <./figures/
fig37.pdf>]
<figures/fig38.pdf, id=2653, 447.01756pt x 191.883pt>
File: figures/fig38.pdf Graphic file (type pdf)
<use figures/fig38.pdf>
Package pdftex.def Info: figures/fig38.pdf  used on input line 1235.
(pdftex.def)             Requested size: 469.75502pt x 201.64996pt.
<figures/fig39.pdf, id=2654, 447.01756pt x 203.928pt>
File: figures/fig39.pdf Graphic file (type pdf)
<use figures/fig39.pdf>
Package pdftex.def Info: figures/fig39.pdf  used on input line 1240.
(pdftex.def)             Requested size: 469.75502pt x 214.30806pt.
 [56] [57 <./figures/fig38.pdf> <./figures/fig39.pdf>]
Overfull \hbox (9.94861pt too wide) in paragraph at lines 1288--1288
[]|[]\T1/lmr/bx/n/8 (-20) Replacement 
 []


Overfull \hbox (9.81154pt too wide) in paragraph at lines 1288--1288
[]|[]\T1/lmr/bx/n/8 (-20) Multiplier[]|  
 []

[58]
ignored error: Infinite glue shrinkage found in box being split [59] [60]
[61]
<figures/fig40.pdf, id=2772, 465.88869pt x 215.82607pt>
File: figures/fig40.pdf Graphic file (type pdf)
<use figures/fig40.pdf>
Package pdftex.def Info: figures/fig40.pdf  used on input line 1435.
(pdftex.def)             Requested size: 469.75502pt x 217.62033pt.
 [62

]
<figures/fig41.pdf, id=2778, 474.53412pt x 198.36322pt>
File: figures/fig41.pdf Graphic file (type pdf)
<use figures/fig41.pdf>
Package pdftex.def Info: figures/fig41.pdf  used on input line 1456.
(pdftex.def)             Requested size: 469.75502pt x 196.36505pt.
 [63 <./figures/fig40.pdf>] [64 <./figures/fig41.pdf>]
<figures/fig42.pdf, id=2912, 460.35239pt x 215.05757pt>
File: figures/fig42.pdf Graphic file (type pdf)
<use figures/fig42.pdf>
Package pdftex.def Info: figures/fig42.pdf  used on input line 1497.
(pdftex.def)             Requested size: 469.75502pt x 219.45096pt.
 [65 <./figures/fig42.pdf>] [66]
<figures/fig43.pdf, id=2995, 474.68042pt x 198.36322pt>
File: figures/fig43.pdf Graphic file (type pdf)
<use figures/fig43.pdf>
Package pdftex.def Info: figures/fig43.pdf  used on input line 1586.
(pdftex.def)             Requested size: 469.75502pt x 196.3136pt.
 [67 <./figures/fig43.pdf>] [68] [69] [70] [71

] [72

]
Overfull \hbox (2.30135pt too wide) in paragraph at lines 1731--1731
[]|[]\T1/lmr/bx/n/8 (-20) Expected[]|  
 []

<figures/fig44.pdf, id=3088, 478.2144pt x 192.79842pt>
File: figures/fig44.pdf Graphic file (type pdf)
<use figures/fig44.pdf>
Package pdftex.def Info: figures/fig44.pdf  used on input line 1744.
(pdftex.def)             Requested size: 469.75502pt x 189.39714pt.
[73] [74 <./figures/fig44.pdf>]
Overfull \hbox (1.91908pt too wide) in paragraph at lines 1774--1774
[]|[]\T1/lmr/bx/n/8 (-20) #[]|  
 []


Overfull \hbox (2.2454pt too wide) in paragraph at lines 1785--1785
[]|\T1/lmr/m/n/8 (-20) 10|  
 []


Overfull \hbox (2.2454pt too wide) in paragraph at lines 1786--1786
[]|\T1/lmr/m/n/8 (-20) 11|  
 []


Overfull \hbox (2.2454pt too wide) in paragraph at lines 1787--1787
[]|\T1/lmr/m/n/8 (-20) 12|  
 []


Overfull \hbox (2.2454pt too wide) in paragraph at lines 1788--1788
[]|\T1/lmr/m/n/8 (-20) 13|  
 []

[75

] [76] [77] [78

]
Overfull \hbox (26.1788pt too wide) in paragraph at lines 1910--1910
\T1/lmr/m/n/8 (-20) data/raw/sources/JPY.xlsx 
 []


Overfull \hbox (0.6947pt too wide) in paragraph at lines 1910--1910
\T1/lmr/m/n/8 (-20) jpy_ois_history.csv)|  
 []

[79


] [80]
Overfull \hbox (0.54298pt too wide) in paragraph at lines 1932--1933
[]|\T1/lmr/m/n/8 (-20) models/hw_calibration.py|  
 []


Overfull \hbox (23.40892pt too wide) in paragraph at lines 1935--1936
[]|\T1/lmr/m/n/8 (-20) models/equity_factor_model.py, 
 []


Overfull \hbox (22.33766pt too wide) in paragraph at lines 1936--1937
[]|\T1/lmr/m/n/8 (-20) simulation/random_numbers.py|  
 []


Overfull \hbox (5.94038pt too wide) in paragraph at lines 1939--1940
[]|\T1/lmr/m/n/8 (-20) exposure/spec_exposure.py, 
 []


Overfull \hbox (31.40083pt too wide) in paragraph at lines 1944--1945
[]|\T1/lmr/m/n/8 (-20) scripts/convergence_study_tail.py|  
 []

[81]
Overfull \hbox (24.41995pt too wide) in paragraph at lines 1970--1971
\T1/lmr/m/n/10.95 (-20) Source code, data lin-eage and all scripts: \T1/lmtt/m/
n/10.95 https://github.com/eshapandya24/capitolis-risk-engine
 []


Overfull \hbox (3.2308pt too wide) in paragraph at lines 1994--1994
[]|[]\T1/lmr/bx/n/8 (-20) #[]|  
 []


Overfull \hbox (3.55713pt too wide) in paragraph at lines 2005--2005
[]|\T1/lmr/m/n/8 (-20) 10|  
 []


Overfull \hbox (3.55713pt too wide) in paragraph at lines 2006--2006
[]|\T1/lmr/m/n/8 (-20) 11|  
 []

ignored error: Infinite glue shrinkage found in box being split [82] [83]
(report.aux)
 ***********
LaTeX2e <2025-11-01>
L3 programming layer <2025-12-24>
 ***********
Package rerunfilecheck Info: File `report.out' has not changed.
(rerunfilecheck)             Checksum: 38E7E92DFC4213440658BAB52DEDAF92;17230.
 ) 
Here is how much of TeX's memory you used:
 16371 strings out of 467871
 264814 string characters out of 5418861
 759911 words of memory out of 5000000
 44404 multiletter control sequences out of 15000+600000
 720175 words of font info for 262 fonts, out of 8000000 for 9000
 1141 hyphenation exceptions out of 8191
 75i,13n,83p,1814b,704s stack positions out of 10000i,1000n,20000p,200000b,200000s
<C:/Users/ESHA/AppData/Local/Programs/MiKTeX/fonts/type1/public/lm/lmbx10.pfb
><C:/Users/ESHA/AppData/Local/Programs/MiKTeX/fonts/type1/public/lm/lmbx12.pfb>
<C:/Users/ESHA/AppData/Local/Programs/MiKTeX/fonts/type1/public/lm/lmbx8.pfb><C
:/Users/ESHA/AppData/Local/Programs/MiKTeX/fonts/type1/public/lm/lmbx9.pfb><C:/
Users/ESHA/AppData/Local/Programs/MiKTeX/fonts/type1/public/lm/lmr10.pfb><C:/Us
ers/ESHA/AppData/Local/Programs/MiKTeX/fonts/type1/public/lm/lmr12.pfb><C:/User
s/ESHA/AppData/Local/Programs/MiKTeX/fonts/type1/public/lm/lmr8.pfb><C:/Users/E
SHA/AppData/Local/Programs/MiKTeX/fonts/type1/public/lm/lmr9.pfb><C:/Users/ESHA
/AppData/Local/Programs/MiKTeX/fonts/type1/public/lm/lmri10.pfb><C:/Users/ESHA/
AppData/Local/Programs/MiKTeX/fonts/type1/public/lm/lmsy10.pfb><C:/Users/ESHA/A
ppData/Local/Programs/MiKTeX/fonts/type1/public/lm/lmsy8.pfb><C:/Users/ESHA/App
Data/Local/Programs/MiKTeX/fonts/type1/public/lm/lmsy9.pfb><C:/Users/ESHA/AppDa
ta/Local/Programs/MiKTeX/fonts/type1/public/lm/lmtt10.pfb><C:/Users/ESHA/AppDat
a/Local/Programs/MiKTeX/fonts/type1/public/lm/lmtt8.pfb>
Output written on report.pdf (84 pages, 1741479 bytes).
PDF statistics:
 3328 PDF objects out of 3580 (max. 8388607)
 278 named destinations out of 1000 (max. 500000)
 51045 words of extra memory for PDF output out of 51595 (max. 10000000)

